[Map]
author=Sean O'Connor
image=world.bmp
wrap=no
scroll=horizontal
warn=yes

[Continents]
Asia=7
Australia=2

[Territories]
Middle East,530,234,Asia,Afghanistan,India
Ural,613,136,Asia,Siberia,China,Afghanistan
Afghanistan,585,192,Asia,Ural,China,India,Middle East
India,612,249,Asia,China,Siam,Afghanistan,Middle East
Siberia,666,110,Asia,Yatusk,Irkutsk,Mongolia,China,Ural
China,662,217,Asia,Ural,Siberia,Mongolia,Siam,India,Afghanistan
Siam,671,270,Asia,China,India,Indonesia
Mongolia,707,188,Asia,Siberia,Irkutsk,Japan,China,Kamchatka
Irkutsk,698,152,Asia,Siberia,Yatusk,Kamchatka,Mongolia
Yatusk,738,118,Asia,Siberia,Irkutsk,Kamchatka
Kamchatka,806,125,Asia,Yatusk,Irkutsk,Japan,Mongolia
Japan,759,220,Asia,Kamchatka,Mongolia

Indonesia,698,314,Australia,Siam,New Guinea,Western Australia
New Guinea,768,325,Australia,Indonesia,Western Australia,Eastern Australia
Western Australia,729,373,Australia,Indonesia,New Guinea,Eastern Australia
Eastern Australia,779,381,Australia,Western Australia,New Guinea







